** Drc report for analog_input.kicad_pcb **
** Created on 2026-09-05T23:06:58 **
** Report includes: Errors, Warnings **

** Found 63 DRC violations **
[clearance]: Clearance violation ( clearance 0.2000 mm; actual 0.1868 mm)
    Local override; error
    @(48.7500 mm, 40.0000 mm): Track [GND] on F.Cu, length 0.2500 mm
    @(47.5000 mm, 40.4500 mm): Pad 1 [OUT6] of C6 on F.Cu
[clearance]: Clearance violation ( clearance 0.2000 mm; actual 0.1868 mm)
    Local override; error
    @(48.5000 mm, 40.0000 mm): Track [GND] on F.Cu, length 0.2500 mm
    @(47.5000 mm, 40.4500 mm): Pad 1 [OUT6] of C6 on F.Cu
[hole_to_hole]: Drilled hole too close to other hole (board setup constraints min 0.2500 mm; actual 0.0000 mm)
    Rule: board setup constraints; warning
    @(70.0000 mm, 6.5000 mm): Via [GND] on F.Cu - B.Cu
    @(70.0000 mm, 6.5400 mm): PTH pad 2 [GND] of J6
[hole_to_hole]: Drilled hole too close to other hole (board setup constraints min 0.2500 mm; actual 0.0000 mm)
    Rule: board setup constraints; warning
    @(70.0000 mm, 6.5000 mm): Via [GND] on F.Cu - B.Cu
    @(70.0000 mm, 6.5400 mm): PTH pad 2 [GND] of J6
[lib_footprint_issues]: The current configuration does not include the footprint library 'TestPoint'
    Local override; warning
    @(32.5000 mm, 35.0000 mm): Footprint TP1
[lib_footprint_issues]: The current configuration does not include the footprint library 'Resistor_SMD'
    Local override; warning
    @(22.0000 mm, 22.0000 mm): Footprint R5
[lib_footprint_issues]: The current configuration does not include the footprint library 'Resistor_SMD'
    Local override; warning
    @(34.0000 mm, 29.0000 mm): Footprint R9
[lib_footprint_issues]: The current configuration does not include the footprint library 'TestPoint'
    Local override; warning
    @(47.5000 mm, 35.0000 mm): Footprint TP6
[lib_footprint_issues]: The current configuration does not include the footprint library 'Capacitor_SMD'
    Local override; warning
    @(41.5000 mm, 39.5000 mm): Footprint C4
[lib_footprint_issues]: The current configuration does not include the footprint library 'Connector_PinHeader_2.54mm'
    Local override; warning
    @(58.0000 mm, 4.0000 mm): Footprint J5
[lib_footprint_issues]: The current configuration does not include the footprint library 'Resistor_SMD'
    Local override; warning
    @(58.0000 mm, 29.0000 mm): Footprint R15
[lib_footprint_issues]: The current configuration does not include the footprint library 'Connector_PinHeader_2.54mm'
    Local override; warning
    @(70.0000 mm, 4.0000 mm): Footprint J6
[lib_footprint_issues]: The current configuration does not include the footprint library 'Resistor_SMD'
    Local override; warning
    @(22.0000 mm, 29.0000 mm): Footprint R6
[lib_footprint_issues]: The current configuration does not include the footprint library 'TestPoint'
    Local override; warning
    @(35.5000 mm, 35.0000 mm): Footprint TP2
[lib_footprint_issues]: The current configuration does not include the footprint library 'TestPoint'
    Local override; warning
    @(44.5000 mm, 35.0000 mm): Footprint TP5
[lib_footprint_issues]: The current configuration does not include the footprint library 'Resistor_SMD'
    Local override; warning
    @(34.0000 mm, 15.0000 mm): Footprint R7
[lib_footprint_issues]: The current configuration does not include the footprint library 'Capacitor_SMD'
    Local override; warning
    @(38.5000 mm, 39.5000 mm): Footprint C3
[lib_footprint_issues]: The current configuration does not include the footprint library 'Resistor_SMD'
    Local override; warning
    @(70.0000 mm, 29.0000 mm): Footprint R18
[lib_footprint_issues]: The current configuration does not include the footprint library 'Resistor_SMD'
    Local override; warning
    @(70.0000 mm, 22.0000 mm): Footprint R17
[lib_footprint_issues]: The current configuration does not include the footprint library 'Resistor_SMD'
    Local override; warning
    @(10.0000 mm, 15.0000 mm): Footprint R1
[lib_footprint_issues]: The current configuration does not include the footprint library 'Capacitor_SMD'
    Local override; warning
    @(44.5000 mm, 39.5000 mm): Footprint C5
[lib_footprint_issues]: The current configuration does not include the footprint library 'Connector_PinHeader_2.54mm'
    Local override; warning
    @(34.0000 mm, 4.0000 mm): Footprint J3
[lib_footprint_issues]: The current configuration does not include the footprint library 'TestPoint'
    Local override; warning
    @(41.5000 mm, 35.0000 mm): Footprint TP4
[lib_footprint_issues]: The current configuration does not include the footprint library 'Capacitor_SMD'
    Local override; warning
    @(35.5000 mm, 39.5000 mm): Footprint C2
[lib_footprint_issues]: The current configuration does not include the footprint library 'Resistor_SMD'
    Local override; warning
    @(46.0000 mm, 15.0000 mm): Footprint R10
[lib_footprint_issues]: The current configuration does not include the footprint library 'Connector_PinHeader_2.54mm'
    Local override; warning
    @(10.0000 mm, 4.0000 mm): Footprint J1
[lib_footprint_issues]: The current configuration does not include the footprint library 'Resistor_SMD'
    Local override; warning
    @(58.0000 mm, 15.0000 mm): Footprint R13
[lib_footprint_issues]: The current configuration does not include the footprint library 'Resistor_SMD'
    Local override; warning
    @(22.0000 mm, 15.0000 mm): Footprint R4
[lib_footprint_issues]: The current configuration does not include the footprint library 'Resistor_SMD'
    Local override; warning
    @(46.0000 mm, 22.0000 mm): Footprint R11
[lib_footprint_issues]: The current configuration does not include the footprint library 'Capacitor_SMD'
    Local override; warning
    @(32.5000 mm, 39.5000 mm): Footprint C1
[lib_footprint_issues]: The current configuration does not include the footprint library 'Connector_PinHeader_2.54mm'
    Local override; warning
    @(31.1100 mm, 45.0000 mm): Footprint J7
[lib_footprint_issues]: The current configuration does not include the footprint library 'Resistor_SMD'
    Local override; warning
    @(10.0000 mm, 22.0000 mm): Footprint R2
[lib_footprint_issues]: The current configuration does not include the footprint library 'Capacitor_SMD'
    Local override; warning
    @(47.5000 mm, 39.5000 mm): Footprint C6
[lib_footprint_issues]: The current configuration does not include the footprint library 'Connector_PinHeader_2.54mm'
    Local override; warning
    @(22.0000 mm, 4.0000 mm): Footprint J2
[lib_footprint_issues]: The current configuration does not include the footprint library 'Resistor_SMD'
    Local override; warning
    @(34.0000 mm, 22.0000 mm): Footprint R8
[lib_footprint_issues]: The current configuration does not include the footprint library 'TestPoint'
    Local override; warning
    @(38.5000 mm, 35.0000 mm): Footprint TP3
[lib_footprint_issues]: The current configuration does not include the footprint library 'Resistor_SMD'
    Local override; warning
    @(58.0000 mm, 22.0000 mm): Footprint R14
[lib_footprint_issues]: The current configuration does not include the footprint library 'Resistor_SMD'
    Local override; warning
    @(70.0000 mm, 15.0000 mm): Footprint R16
[lib_footprint_issues]: The current configuration does not include the footprint library 'TestPoint'
    Local override; warning
    @(54.0000 mm, 40.0000 mm): Footprint TP7
[lib_footprint_issues]: The current configuration does not include the footprint library 'Resistor_SMD'
    Local override; warning
    @(46.0000 mm, 29.0000 mm): Footprint R12
[lib_footprint_issues]: The current configuration does not include the footprint library 'Connector_PinHeader_2.54mm'
    Local override; warning
    @(46.0000 mm, 4.0000 mm): Footprint J4
[lib_footprint_issues]: The current configuration does not include the footprint library 'Resistor_SMD'
    Local override; warning
    @(10.0000 mm, 29.0000 mm): Footprint R3
[text_height]: Text height out of range (board setup constraints silk text height min height 0.8000 mm; actual 0.5200 mm)
    Rule: board setup constraints silk text height; warning
    @(40.0000 mm, 42.5000 mm): PCB text 'OUT1 OUT2 OUT3 OUT4 OUT5 OUT6 GND GND' on F.Silkscreen
[text_height]: Text height out of range (board setup constraints silk text height min height 0.8000 mm; actual 0.6500 mm)
    Rule: board setup constraints silk text height; warning
    @(32.5000 mm, 33.0000 mm): PCB text 'OUT1' on F.Silkscreen
[text_height]: Text height out of range (board setup constraints silk text height min height 0.8000 mm; actual 0.6500 mm)
    Rule: board setup constraints silk text height; warning
    @(35.5000 mm, 33.0000 mm): PCB text 'OUT2' on F.Silkscreen
[text_height]: Text height out of range (board setup constraints silk text height min height 0.8000 mm; actual 0.6500 mm)
    Rule: board setup constraints silk text height; warning
    @(38.5000 mm, 33.0000 mm): PCB text 'OUT3' on F.Silkscreen
[text_height]: Text height out of range (board setup constraints silk text height min height 0.8000 mm; actual 0.6500 mm)
    Rule: board setup constraints silk text height; warning
    @(41.5000 mm, 33.0000 mm): PCB text 'OUT4' on F.Silkscreen
[text_height]: Text height out of range (board setup constraints silk text height min height 0.8000 mm; actual 0.6500 mm)
    Rule: board setup constraints silk text height; warning
    @(44.5000 mm, 33.0000 mm): PCB text 'OUT5' on F.Silkscreen
[text_height]: Text height out of range (board setup constraints silk text height min height 0.8000 mm; actual 0.6500 mm)
    Rule: board setup constraints silk text height; warning
    @(47.5000 mm, 33.0000 mm): PCB text 'OUT6' on F.Silkscreen
[text_height]: Text height out of range (board setup constraints silk text height min height 0.8000 mm; actual 0.6500 mm)
    Rule: board setup constraints silk text height; warning
    @(55.0000 mm, 42.0000 mm): PCB text 'TP7 GND' on F.Silkscreen
[text_height]: Text height out of range (board setup constraints silk text height min height 0.8000 mm; actual 0.7000 mm)
    Rule: board setup constraints silk text height; warning
    @(10.0000 mm, 1.3000 mm): PCB text 'J1 1:IN1' on F.Silkscreen
[text_height]: Text height out of range (board setup constraints silk text height min height 0.8000 mm; actual 0.7000 mm)
    Rule: board setup constraints silk text height; warning
    @(10.0000 mm, 9.0000 mm): PCB text '2:GND' on F.Silkscreen
[text_height]: Text height out of range (board setup constraints silk text height min height 0.8000 mm; actual 0.7000 mm)
    Rule: board setup constraints silk text height; warning
    @(22.0000 mm, 1.3000 mm): PCB text 'J2 1:IN2' on F.Silkscreen
[text_height]: Text height out of range (board setup constraints silk text height min height 0.8000 mm; actual 0.7000 mm)
    Rule: board setup constraints silk text height; warning
    @(22.0000 mm, 9.0000 mm): PCB text '2:GND' on F.Silkscreen
[text_height]: Text height out of range (board setup constraints silk text height min height 0.8000 mm; actual 0.7000 mm)
    Rule: board setup constraints silk text height; warning
    @(34.0000 mm, 1.3000 mm): PCB text 'J3 1:IN3' on F.Silkscreen
[text_height]: Text height out of range (board setup constraints silk text height min height 0.8000 mm; actual 0.7000 mm)
    Rule: board setup constraints silk text height; warning
    @(34.0000 mm, 9.0000 mm): PCB text '2:GND' on F.Silkscreen
[text_height]: Text height out of range (board setup constraints silk text height min height 0.8000 mm; actual 0.7000 mm)
    Rule: board setup constraints silk text height; warning
    @(40.0000 mm, 48.0000 mm): PCB text 'J7  1  2  3  4  5  6  G  G' on F.Silkscreen
[text_height]: Text height out of range (board setup constraints silk text height min height 0.8000 mm; actual 0.7000 mm)
    Rule: board setup constraints silk text height; warning
    @(46.0000 mm, 1.3000 mm): PCB text 'J4 1:IN4' on F.Silkscreen
[text_height]: Text height out of range (board setup constraints silk text height min height 0.8000 mm; actual 0.7000 mm)
    Rule: board setup constraints silk text height; warning
    @(46.0000 mm, 9.0000 mm): PCB text '2:GND' on F.Silkscreen
[text_height]: Text height out of range (board setup constraints silk text height min height 0.8000 mm; actual 0.7000 mm)
    Rule: board setup constraints silk text height; warning
    @(58.0000 mm, 1.3000 mm): PCB text 'J5 1:IN5' on F.Silkscreen
[text_height]: Text height out of range (board setup constraints silk text height min height 0.8000 mm; actual 0.7000 mm)
    Rule: board setup constraints silk text height; warning
    @(58.0000 mm, 9.0000 mm): PCB text '2:GND' on F.Silkscreen
[text_height]: Text height out of range (board setup constraints silk text height min height 0.8000 mm; actual 0.7000 mm)
    Rule: board setup constraints silk text height; warning
    @(70.0000 mm, 1.3000 mm): PCB text 'J6 1:IN6' on F.Silkscreen
[text_height]: Text height out of range (board setup constraints silk text height min height 0.8000 mm; actual 0.7000 mm)
    Rule: board setup constraints silk text height; warning
    @(70.0000 mm, 9.0000 mm): PCB text '2:GND' on F.Silkscreen

** Found 0 unconnected pads **

** Found 0 Footprint errors **

** Ignored checks **
    - Footprint has no courtyard defined
    - Track endpoint not centered on via
    - Tuning profile track geometries
    - Footprint doesn't match symbol's footprint filters
    - Footprint component type doesn't match footprint pads

** End of Report **
