$ tsci build index.circuit.tsx --svgs --pcb-png --disable-parts-engine --autorouter-timeout 120s
Building 1 file(s)...
Building index.circuit.tsx...
Generating circuit JSON...
Each child in a list should have a unique "key" prop.

Check the render method of `board`. It was passed a child from default. See https://react.dev/link/warning-keys for more information.
Circuit JSON written to dist/index/circuit.json
Port LEFT_IN on J1 is missing a trace
Port GND on J1 is missing a trace
Port RIGHT_IN on J1 is missing a trace
Port LEFT_OUT on J2 is missing a trace
Port GND on J2 is missing a trace
Port RIGHT_OUT on J2 is missing a trace
Port pin1 on C1 is missing a trace
Port pin2 on C1 is missing a trace
Port pin1 on R1 is missing a trace
Port pin2 on R1 is missing a trace
Port pin1 on R2 is missing a trace
Port pin2 on R2 is missing a trace
Port pin1 on C2 is missing a trace
Port pin2 on C2 is missing a trace
Port pin1 on R3 is missing a trace
Port pin2 on R3 is missing a trace
Port pin1 on R4 is missing a trace
Port pin2 on R4 is missing a trace
Port pin1 on TP1 is missing a trace
Port pin1 on TP2 is missing a trace
Port pin1 on TP3 is missing a trace
No <schematicsheet> was found. Add a <schematicsheet> to define the schematic drawing area.
TP1 has no courtyard
TP2 has no courtyard
TP3 has no courtyard
Generating preview images...
[index] Generating PCB SVG...
[index] Written pcb.svg
[index] Generating PCB PNG...
[index] Written pcb.png
[index] Generating schematic SVG...
[index] Written schematic.svg

Build complete
  Circuits  1 passed
  Options   pcb-png, svgs, autorouter-timeout
  Output    dist

✓ Done
Build exiting with code 0: build finished successfully
