Building 1 file(s)...
Building index.circuit.tsx...
Generating circuit JSON...
Circuit JSON written to dist/index/circuit.json
<trace#46(from:.J1 > .pin1 to:.R1 > .pin1) /> is missing a name. Add a name prop to make the trace easier to identify.
<trace#48(from:.R1 > .pin2 to:.J2 > .pin1) /> is missing a name. Add a name prop to make the trace easier to identify.
<trace#49(from:.C1 > .pin1 to:.R1 > .pin2) /> is missing a name. Add a name prop to make the trace easier to identify.
No <schematicsheet> was found. Add a <schematicsheet> to define the schematic drawing area.
Generating preview images...
[index] Generating PCB SVG...
[index] Written pcb.svg
[index] Generating PCB PNG...
[index] Written pcb.png
[index] Generating schematic SVG...
[index] Written schematic.svg

Build complete
  Circuits  1 passed
  Options   pcb-png, svgs
  Output    dist

✓ Done
Build exiting with code 0: build finished successfully
