./src/common/stdpbase.cpp(59): assert ""traits"" failed in Get(): create wxApp before calling this
{
  "pad_positions": {
    "J1": {
      "1": [
        103.0,
        108.73
      ],
      "2": [
        103.0,
        111.27
      ]
    },
    "R1": {
      "1": [
        114.0875,
        108.73
      ],
      "2": [
        115.9125,
        108.73
      ]
    },
    "D1": {
      "1": [
        127.9375,
        108.73
      ],
      "2": [
        126.0625,
        108.73
      ]
    }
  }
}
