./src/common/stdpbase.cpp(59): assert ""traits"" failed in Get(): create wxApp before calling this
ROUTED GATE1 49
ROUTED GATE1 29
ROUTED GATE2 49
ROUTED GATE2 29
ROUTED GATE3 49
ROUTED GATE3 29
ROUTED GATE4 49
ROUTED GATE4 29
ROUTED OUT1 27
ROUTED OUT1 45
ROUTED OUT2 27
ROUTED OUT2 45
ROUTED OUT3 27
ROUTED OUT3 45
ROUTED OUT4 27
ROUTED OUT4 45
ROUTED CTRL1 167
ROUTED CTRL2 133
ROUTED CTRL3 111
ROUTED CTRL4 144
ROUTED +12V 17
ROUTED +12V 17
ROUTED +12V 194
ROUTED +12V 45
ROUTED +12V 57
ROUTED +12V 39
ROUTED +12V 57
ROUTED +12V 39
ROUTED +12V 57
ROUTED +12V 39
ROUTED GND 32
ROUTED GND 21
ROUTED GND 55
ROUTED GND 138
ROUTED GND 33
ROUTED GND 47
ROUTED GND 33
ROUTED GND 50
ROUTED GND 33
ROUTED GND 50
ROUTED GND 33
SAVED
