./src/common/stdpbase.cpp(59): assert ""traits"" failed in Get(): create wxApp before calling this
{
  "board_bounds_mm": [
    10.0,
    10.0,
    80.0,
    60.0
  ],
  "board_size_mm": [
    70.0,
    50.0
  ],
  "copper_layers": 2,
  "min_track_width_by_net_mm": {
    "/+12V": 0.5,
    "/CTRL1": 0.25,
    "/CTRL2": 0.25,
    "/CTRL3": 0.25,
    "/CTRL4": 0.25,
    "/GATE1": 0.25,
    "/GATE2": 0.25,
    "/GATE3": 0.25,
    "/GATE4": 0.25,
    "/GND": 0.5,
    "/OUT1": 0.5,
    "/OUT2": 0.5,
    "/OUT3": 0.5,
    "/OUT4": 0.5
  },
  "capacitor_distance_to_J1_center_mm": {
    "C1": 5.158769233063251,
    "C2": 5.696744684466735
  },
  "output_header_distance_to_right_edge_mm": {
    "J3": 5.0,
    "J4": 5.0,
    "J5": 5.0,
    "J6": 5.0
  },
  "output_header_adjacent_spacing_mm": [
    11.0,
    10.999999999999996,
    11.0
  ],
  "diode_distance_to_output_header_center_mm": {
    "D1": 6.132935675514624,
    "D2": 6.132935675514624,
    "D3": 6.132935675514622,
    "D4": 6.132935675514622
  },
  "pad_net_mapping": {
    "J6": {
      "1": "/+12V",
      "2": "/OUT4"
    },
    "J2": {
      "1": "/GND",
      "2": "/CTRL1",
      "3": "/CTRL2",
      "4": "/CTRL3",
      "5": "/CTRL4"
    },
    "R7": {
      "1": "/CTRL4",
      "2": "/GATE4"
    },
    "J5": {
      "1": "/+12V",
      "2": "/OUT3"
    },
    "J3": {
      "1": "/+12V",
      "2": "/OUT1"
    },
    "R8": {
      "1": "/GATE4",
      "2": "/GND"
    },
    "R6": {
      "1": "/GATE3",
      "2": "/GND"
    },
    "R4": {
      "1": "/GATE2",
      "2": "/GND"
    },
    "R2": {
      "1": "/GATE1",
      "2": "/GND"
    },
    "D4": {
      "1": "/+12V",
      "2": "/OUT4"
    },
    "J1": {
      "1": "/+12V",
      "2": "/GND"
    },
    "D1": {
      "1": "/+12V",
      "2": "/OUT1"
    },
    "R5": {
      "1": "/CTRL3",
      "2": "/GATE3"
    },
    "Q1": {
      "1": "/GATE1",
      "2": "/GND",
      "3": "/OUT1"
    },
    "Q2": {
      "1": "/GATE2",
      "2": "/GND",
      "3": "/OUT2"
    },
    "Q3": {
      "1": "/GATE3",
      "2": "/GND",
      "3": "/OUT3"
    },
    "C1": {
      "1": "/+12V",
      "2": "/GND"
    },
    "C2": {
      "1": "/+12V",
      "2": "/GND"
    },
    "D2": {
      "1": "/+12V",
      "2": "/OUT2"
    },
    "J4": {
      "1": "/+12V",
      "2": "/OUT2"
    },
    "Q4": {
      "1": "/GATE4",
      "2": "/GND",
      "3": "/OUT4"
    },
    "D3": {
      "1": "/+12V",
      "2": "/OUT3"
    },
    "R3": {
      "1": "/CTRL2",
      "2": "/GATE2"
    },
    "R1": {
      "1": "/CTRL1",
      "2": "/GATE1"
    }
  },
  "footprint_count": 24,
  "track_segment_count": 2234,
  "via_count": 7
}
