Building 1 file(s)...
Building index.circuit.tsx...
Generating circuit JSON...
Each child in a list should have a unique "key" prop.

Check the render method of `board`. See https://react.dev/link/warning-keys for more information.
Circuit JSON written to dist/index/circuit.json
No <schematicsheet> was found. Add a <schematicsheet> to define the schematic drawing area.
<pinheader#1 name=".J1" /> footprint "pinrow6_p2.54mm" does not match supplier footprint jlcpcb:C492420 (copper IoU 0.255).
Generating preview images...
[index] Generating PCB SVG...
[index] Written pcb.svg
[index] Generating PCB PNG...
[index] Written pcb.png
[index] Generating schematic SVG...
[index] Written schematic.svg

Build complete
  Circuits  1 passed
  Options   pcb-png, svgs, autorouter-timeout
  Output    artifacts/attempt-02/dist

✓ Done
Build exiting with code 0: build finished successfully
