Building 1 file(s)...
Building index.circuit.tsx...
Generating circuit JSON...
Each child in a list should have a unique "key" prop.

Check the render method of `board`. See https://react.dev/link/warning-keys for more information.
Circuit JSON written to dist/index/circuit.json
Generating preview images...
[index] Generating PCB SVG...
[index] Written pcb.svg
[index] Generating PCB PNG...
[index] Written pcb.png
[index] Generating schematic SVG...
[index] Written schematic.svg
[index] Generating schematic PNG...
[index] Written schematic.png

Build complete
  Circuits  1 passed
  Options   pcb-png, schematic-png, svgs, autorouter-timeout
  Output    artifacts/attempt-03/dist

✓ Done
Build exiting with code 0: build finished successfully
