** Drc report for attenuator.kicad_pcb **
** Created on 2026-09-05T23:12:42 **
** Report includes: Errors, Warnings **

** Found 10 DRC violations **
[text_height]: Text height out of range (board setup constraints silk text height min height 0.8000 mm; actual 0.6500 mm)
    Rule: board setup constraints silk text height; warning
    @(109.0000 mm, 112.4600 mm): PCB text '1 LEFT_IN' on F.Silkscreen
[text_height]: Text height out of range (board setup constraints silk text height min height 0.8000 mm; actual 0.6500 mm)
    Rule: board setup constraints silk text height; warning
    @(109.0000 mm, 115.0000 mm): PCB text '2 GND' on F.Silkscreen
[text_height]: Text height out of range (board setup constraints silk text height min height 0.8000 mm; actual 0.6500 mm)
    Rule: board setup constraints silk text height; warning
    @(109.0000 mm, 117.5400 mm): PCB text '3 RIGHT_IN' on F.Silkscreen
[text_height]: Text height out of range (board setup constraints silk text height min height 0.8000 mm; actual 0.6500 mm)
    Rule: board setup constraints silk text height; warning
    @(140.5000 mm, 112.4600 mm): PCB text '1 LEFT_OUT' on F.Silkscreen
[text_height]: Text height out of range (board setup constraints silk text height min height 0.8000 mm; actual 0.6500 mm)
    Rule: board setup constraints silk text height; warning
    @(140.5000 mm, 115.0000 mm): PCB text '2 GND' on F.Silkscreen
[text_height]: Text height out of range (board setup constraints silk text height min height 0.8000 mm; actual 0.6500 mm)
    Rule: board setup constraints silk text height; warning
    @(140.5000 mm, 117.5400 mm): PCB text '3 RIGHT_OUT' on F.Silkscreen
[text_height]: Text height out of range (board setup constraints silk text height min height 0.8000 mm; actual 0.7000 mm)
    Rule: board setup constraints silk text height; warning
    @(125.0000 mm, 117.0000 mm): PCB text 'GND' on F.Silkscreen
[text_height]: Text height out of range (board setup constraints silk text height min height 0.8000 mm; actual 0.7000 mm)
    Rule: board setup constraints silk text height; warning
    @(138.0000 mm, 102.0000 mm): PCB text 'LEFT_OUT' on F.Silkscreen
[text_height]: Text height out of range (board setup constraints silk text height min height 0.8000 mm; actual 0.7000 mm)
    Rule: board setup constraints silk text height; warning
    @(138.0000 mm, 128.0000 mm): PCB text 'RIGHT_OUT' on F.Silkscreen
[silk_overlap]: Silkscreen clearance
    Rule: board setup constraints silk; warning
    @(138.0000 mm, 102.3520 mm): Reference field of TP1
    @(138.0000 mm, 102.0000 mm): PCB text 'LEFT_OUT' on F.Silkscreen

** Found 0 unconnected pads **

** Found 35 Footprint errors **
[footprint_symbol_mismatch]: C_0805_2012Metric doesn't match footprint given by symbol (Capacitor_SMD:C_0805_2012Metric)
    Local override; warning
    @(114.0000 mm, 107.0000 mm): Footprint C1
[net_conflict]: Pad net (LEFT_IN) doesn't match net given by schematic (/LEFT_IN)
    Local override; warning
    @(113.0500 mm, 107.0000 mm): Pad 1 [LEFT_IN] of C1 on F.Cu
[net_conflict]: Pad net (LEFT_AC) doesn't match net given by schematic (/LEFT_AC)
    Local override; warning
    @(114.9500 mm, 107.0000 mm): Pad 2 [LEFT_AC] of C1 on F.Cu
[footprint_symbol_mismatch]: C_0805_2012Metric doesn't match footprint given by symbol (Capacitor_SMD:C_0805_2012Metric)
    Local override; warning
    @(114.0000 mm, 123.0000 mm): Footprint C2
[net_conflict]: Pad net (RIGHT_IN) doesn't match net given by schematic (/RIGHT_IN)
    Local override; warning
    @(113.0500 mm, 123.0000 mm): Pad 1 [RIGHT_IN] of C2 on F.Cu
[net_conflict]: Pad net (RIGHT_AC) doesn't match net given by schematic (/RIGHT_AC)
    Local override; warning
    @(114.9500 mm, 123.0000 mm): Pad 2 [RIGHT_AC] of C2 on F.Cu
[footprint_symbol_mismatch]: PinHeader_1x03_P2.54mm_Vertical doesn't match footprint given by symbol (Connector_PinHeader_2.54mm:PinHeader_1x03_P2.54mm_Vertical)
    Local override; warning
    @(103.0000 mm, 112.4600 mm): Footprint J1
[net_conflict]: Pad net (LEFT_IN) doesn't match net given by schematic (/LEFT_IN)
    Local override; warning
    @(103.0000 mm, 112.4600 mm): PTH pad 1 [LEFT_IN] of J1
[net_conflict]: Pad net (GND) doesn't match net given by schematic (/GND)
    Local override; warning
    @(103.0000 mm, 115.0000 mm): PTH pad 2 [GND] of J1
[net_conflict]: Pad net (RIGHT_IN) doesn't match net given by schematic (/RIGHT_IN)
    Local override; warning
    @(103.0000 mm, 117.5400 mm): PTH pad 3 [RIGHT_IN] of J1
[footprint_symbol_mismatch]: PinHeader_1x03_P2.54mm_Vertical doesn't match footprint given by symbol (Connector_PinHeader_2.54mm:PinHeader_1x03_P2.54mm_Vertical)
    Local override; warning
    @(147.0000 mm, 112.4600 mm): Footprint J2
[net_conflict]: Pad net (LEFT_OUT) doesn't match net given by schematic (/LEFT_OUT)
    Local override; warning
    @(147.0000 mm, 112.4600 mm): PTH pad 1 [LEFT_OUT] of J2
[net_conflict]: Pad net (GND) doesn't match net given by schematic (/GND)
    Local override; warning
    @(147.0000 mm, 115.0000 mm): PTH pad 2 [GND] of J2
[net_conflict]: Pad net (RIGHT_OUT) doesn't match net given by schematic (/RIGHT_OUT)
    Local override; warning
    @(147.0000 mm, 117.5400 mm): PTH pad 3 [RIGHT_OUT] of J2
[footprint_symbol_mismatch]: R_0805_2012Metric doesn't match footprint given by symbol (Resistor_SMD:R_0805_2012Metric)
    Local override; warning
    @(124.0000 mm, 107.0000 mm): Footprint R1
[net_conflict]: Pad net (LEFT_AC) doesn't match net given by schematic (/LEFT_AC)
    Local override; warning
    @(123.0875 mm, 107.0000 mm): Pad 1 [LEFT_AC] of R1 on F.Cu
[net_conflict]: Pad net (LEFT_OUT) doesn't match net given by schematic (/LEFT_OUT)
    Local override; warning
    @(124.9125 mm, 107.0000 mm): Pad 2 [LEFT_OUT] of R1 on F.Cu
[footprint_symbol_mismatch]: R_0805_2012Metric doesn't match footprint given by symbol (Resistor_SMD:R_0805_2012Metric)
    Local override; warning
    @(133.0000 mm, 110.0000 mm): Footprint R2
[net_conflict]: Pad net (LEFT_OUT) doesn't match net given by schematic (/LEFT_OUT)
    Local override; warning
    @(132.0875 mm, 110.0000 mm): Pad 1 [LEFT_OUT] of R2 on F.Cu
[net_conflict]: Pad net (GND) doesn't match net given by schematic (/GND)
    Local override; warning
    @(133.9125 mm, 110.0000 mm): Pad 2 [GND] of R2 on F.Cu
[footprint_symbol_mismatch]: R_0805_2012Metric doesn't match footprint given by symbol (Resistor_SMD:R_0805_2012Metric)
    Local override; warning
    @(124.0000 mm, 123.0000 mm): Footprint R3
[net_conflict]: Pad net (RIGHT_AC) doesn't match net given by schematic (/RIGHT_AC)
    Local override; warning
    @(123.0875 mm, 123.0000 mm): Pad 1 [RIGHT_AC] of R3 on F.Cu
[net_conflict]: Pad net (RIGHT_OUT) doesn't match net given by schematic (/RIGHT_OUT)
    Local override; warning
    @(124.9125 mm, 123.0000 mm): Pad 2 [RIGHT_OUT] of R3 on F.Cu
[footprint_symbol_mismatch]: R_0805_2012Metric doesn't match footprint given by symbol (Resistor_SMD:R_0805_2012Metric)
    Local override; warning
    @(133.0000 mm, 120.0000 mm): Footprint R4
[net_conflict]: Pad net (RIGHT_OUT) doesn't match net given by schematic (/RIGHT_OUT)
    Local override; warning
    @(132.0875 mm, 120.0000 mm): Pad 1 [RIGHT_OUT] of R4 on F.Cu
[net_conflict]: Pad net (GND) doesn't match net given by schematic (/GND)
    Local override; warning
    @(133.9125 mm, 120.0000 mm): Pad 2 [GND] of R4 on F.Cu
[footprint_symbol_mismatch]: TestPoint_Pad_D1.5mm doesn't match footprint given by symbol (TestPoint:TestPoint_Pad_D1.5mm)
    Local override; warning
    @(138.0000 mm, 104.0000 mm): Footprint TP1
[footprint_symbol_mismatch]: Footprint attributes don't match symbol: 'Exclude from bill of materials' settings differ
    Local override; warning
    @(138.0000 mm, 104.0000 mm): Footprint TP1
[net_conflict]: Pad net (LEFT_OUT) doesn't match net given by schematic (/LEFT_OUT)
    Local override; warning
    @(138.0000 mm, 104.0000 mm): Pad 1 [LEFT_OUT] of TP1 on F.Cu
[footprint_symbol_mismatch]: TestPoint_Pad_D1.5mm doesn't match footprint given by symbol (TestPoint:TestPoint_Pad_D1.5mm)
    Local override; warning
    @(138.0000 mm, 126.0000 mm): Footprint TP2
[footprint_symbol_mismatch]: Footprint attributes don't match symbol: 'Exclude from bill of materials' settings differ
    Local override; warning
    @(138.0000 mm, 126.0000 mm): Footprint TP2
[net_conflict]: Pad net (RIGHT_OUT) doesn't match net given by schematic (/RIGHT_OUT)
    Local override; warning
    @(138.0000 mm, 126.0000 mm): Pad 1 [RIGHT_OUT] of TP2 on F.Cu
[footprint_symbol_mismatch]: TestPoint_Pad_D1.5mm doesn't match footprint given by symbol (TestPoint:TestPoint_Pad_D1.5mm)
    Local override; warning
    @(125.0000 mm, 115.0000 mm): Footprint TP3
[footprint_symbol_mismatch]: Footprint attributes don't match symbol: 'Exclude from bill of materials' settings differ
    Local override; warning
    @(125.0000 mm, 115.0000 mm): Footprint TP3
[net_conflict]: Pad net (GND) doesn't match net given by schematic (/GND)
    Local override; warning
    @(125.0000 mm, 115.0000 mm): Pad 1 [GND] of TP3 on F.Cu

** Ignored checks **
    - Footprint has no courtyard defined
    - Track endpoint not centered on via
    - Tuning profile track geometries
    - Footprint doesn't match symbol's footprint filters
    - Footprint component type doesn't match footprint pads

** End of Report **
