ERC report (2026-09-05T23:13:28, Encoding UTF8)
Report includes: Errors, Warnings

***** Sheet /
[footprint_link_issues]: The current configuration does not include the footprint library 'Connector_PinHeader_2.54mm'
    ; warning
    @(40.64 mm, 60.96 mm): Symbol J1 [Conn_01x03]
[lib_symbol_issues]: The current configuration does not include the symbol library 'Connector_Generic'
    ; warning
    @(40.64 mm, 60.96 mm): Symbol J1 [Conn_01x03]
[footprint_link_issues]: The current configuration does not include the footprint library 'Capacitor_SMD'
    ; warning
    @(71.12 mm, 45.72 mm): Symbol C1 [C]
[lib_symbol_issues]: The current configuration does not include the symbol library 'Device'
    ; warning
    @(71.12 mm, 45.72 mm): Symbol C1 [C]
[footprint_link_issues]: The current configuration does not include the footprint library 'Capacitor_SMD'
    ; warning
    @(71.12 mm, 96.52 mm): Symbol C2 [C]
[lib_symbol_issues]: The current configuration does not include the symbol library 'Device'
    ; warning
    @(71.12 mm, 96.52 mm): Symbol C2 [C]
[footprint_link_issues]: The current configuration does not include the footprint library 'Resistor_SMD'
    ; warning
    @(104.14 mm, 45.72 mm): Symbol R1 [R]
[lib_symbol_issues]: The current configuration does not include the symbol library 'Device'
    ; warning
    @(104.14 mm, 45.72 mm): Symbol R1 [R]
[footprint_link_issues]: The current configuration does not include the footprint library 'Resistor_SMD'
    ; warning
    @(104.14 mm, 96.52 mm): Symbol R3 [R]
[lib_symbol_issues]: The current configuration does not include the symbol library 'Device'
    ; warning
    @(104.14 mm, 96.52 mm): Symbol R3 [R]
[footprint_link_issues]: The current configuration does not include the footprint library 'Resistor_SMD'
    ; warning
    @(137.16 mm, 45.72 mm): Symbol R2 [R]
[lib_symbol_issues]: The current configuration does not include the symbol library 'Device'
    ; warning
    @(137.16 mm, 45.72 mm): Symbol R2 [R]
[footprint_link_issues]: The current configuration does not include the footprint library 'Resistor_SMD'
    ; warning
    @(137.16 mm, 96.52 mm): Symbol R4 [R]
[lib_symbol_issues]: The current configuration does not include the symbol library 'Device'
    ; warning
    @(137.16 mm, 96.52 mm): Symbol R4 [R]
[footprint_link_issues]: The current configuration does not include the footprint library 'Connector_PinHeader_2.54mm'
    ; warning
    @(165.10 mm, 60.96 mm): Symbol J2 [Conn_01x03]
[lib_symbol_issues]: The current configuration does not include the symbol library 'Connector_Generic'
    ; warning
    @(165.10 mm, 60.96 mm): Symbol J2 [Conn_01x03]
[footprint_link_issues]: The current configuration does not include the footprint library 'TestPoint'
    ; warning
    @(175.26 mm, 45.72 mm): Symbol TP1 [TestPoint]
[lib_symbol_issues]: The current configuration does not include the symbol library 'Connector'
    ; warning
    @(175.26 mm, 45.72 mm): Symbol TP1 [TestPoint]
[footprint_link_issues]: The current configuration does not include the footprint library 'TestPoint'
    ; warning
    @(175.26 mm, 96.52 mm): Symbol TP2 [TestPoint]
[lib_symbol_issues]: The current configuration does not include the symbol library 'Connector'
    ; warning
    @(175.26 mm, 96.52 mm): Symbol TP2 [TestPoint]
[footprint_link_issues]: The current configuration does not include the footprint library 'TestPoint'
    ; warning
    @(175.26 mm, 119.38 mm): Symbol TP3 [TestPoint]
[lib_symbol_issues]: The current configuration does not include the symbol library 'Connector'
    ; warning
    @(175.26 mm, 119.38 mm): Symbol TP3 [TestPoint]

 ** ERC messages: 22  Errors 0  Warnings 22

 ** Ignored checks:
    - Global label only appears once in the schematic
    - Four connection points are joined together
    - SPICE model issue
    - Assigned footprint doesn't match footprint filters
