** Drc report for buttons.kicad_pcb **
** Created on 2026-09-05T23:37:43 **
** Report includes: Errors, Warnings **

** Found 4 DRC violations **
[silk_overlap]: Silkscreen clearance
    Rule: board setup constraints silk; warning
    @(7.4762 mm, 17.2650 mm): Segment of C1 on F.Silkscreen
    @(9.0000 mm, 16.8000 mm): PCB text 'C1 100n' on F.Silkscreen
[silk_overlap]: Silkscreen clearance
    Rule: board setup constraints silk; warning
    @(20.0000 mm, 16.8000 mm): PCB text 'C2 100n' on F.Silkscreen
    @(18.4762 mm, 17.2650 mm): Segment of C2 on F.Silkscreen
[silk_overlap]: Silkscreen clearance
    Rule: board setup constraints silk; warning
    @(31.0000 mm, 16.8000 mm): PCB text 'C3 100n' on F.Silkscreen
    @(29.4762 mm, 17.2650 mm): Segment of C3 on F.Silkscreen
[silk_overlap]: Silkscreen clearance
    Rule: board setup constraints silk; warning
    @(40.4762 mm, 17.2650 mm): Segment of C4 on F.Silkscreen
    @(42.0000 mm, 16.8000 mm): PCB text 'C4 100n' on F.Silkscreen

** Found 0 unconnected pads **

** Found 0 Footprint errors **

** Ignored checks **
    - Footprint has no courtyard defined
    - Track endpoint not centered on via
    - Tuning profile track geometries
    - Footprint doesn't match symbol's footprint filters
    - Footprint component type doesn't match footprint pads

** End of Report **
