COMMAND: ['tsci', 'build', '--svgs', '--pcb-png', '--disable-parts-engine', '--autorouter-timeout', '120s', 'index.circuit.tsx']
Building 1 file(s)...
Building index.circuit.tsx...
Generating circuit JSON...
Each child in a list should have a unique "key" prop.

Check the render method of `board`. See https://react.dev/link/warning-keys for more information.
trace: `key` is not a prop. Trying to access it will result in `undefined` being returned. If you need to access the same value within the child component, you should pass it as a different prop. (https://react.dev/link/special-props)
Circuit JSON written to dist/index/circuit.json
The "Q" prefix is being used with a <chip />, try using it with a <transistor />
The "Q" prefix is being used with a <chip />, try using it with a <transistor />
No <schematicsheet> was found. Add a <schematicsheet> to define the schematic drawing area.
All pins on Q1 are underspecified (no pinAttributes set)
All pins on Q2 are underspecified (no pinAttributes set)
Q1 has no pin with requires_power=true
Q2 has no pin with requires_power=true
Q1 has no pin with requires_ground=true
Q2 has no pin with requires_ground=true
Generating preview images...
[index] Generating PCB SVG...
[index] Written pcb.svg
[index] Generating PCB PNG...
[index] Written pcb.png
[index] Generating schematic SVG...
[index] Written schematic.svg

Build complete
  Circuits  1 passed
  Options   pcb-png, svgs, autorouter-timeout
  Output    dist

✓ Done
Build exiting with code 0: build finished successfully
