ERC report (2026-09-05T23:37:13, Encoding UTF8)
Report includes: Errors, Warnings

***** Sheet /
[lib_symbol_issues]: The current configuration does not include the symbol library 'Connector_Generic'
    ; warning
    @(45.72 mm, 55.88 mm): Symbol J1 [Conn_01x06]
[lib_symbol_issues]: The current configuration does not include the symbol library 'Device'
    ; warning
    @(81.28 mm, 45.72 mm): Symbol R1 [R]
[lib_symbol_issues]: The current configuration does not include the symbol library 'Device'
    ; warning
    @(81.28 mm, 71.12 mm): Symbol C1 [C]
[lib_symbol_issues]: The current configuration does not include the symbol library 'Switch'
    ; warning
    @(81.28 mm, 93.98 mm): Symbol SW1 [SW_Push]
[lib_symbol_issues]: The current configuration does not include the symbol library 'Device'
    ; warning
    @(116.84 mm, 45.72 mm): Symbol R2 [R]
[lib_symbol_issues]: The current configuration does not include the symbol library 'Device'
    ; warning
    @(116.84 mm, 71.12 mm): Symbol C2 [C]
[lib_symbol_issues]: The current configuration does not include the symbol library 'Switch'
    ; warning
    @(116.84 mm, 93.98 mm): Symbol SW2 [SW_Push]
[lib_symbol_issues]: The current configuration does not include the symbol library 'Device'
    ; warning
    @(152.40 mm, 45.72 mm): Symbol R3 [R]
[lib_symbol_issues]: The current configuration does not include the symbol library 'Device'
    ; warning
    @(152.40 mm, 71.12 mm): Symbol C3 [C]
[lib_symbol_issues]: The current configuration does not include the symbol library 'Switch'
    ; warning
    @(152.40 mm, 93.98 mm): Symbol SW3 [SW_Push]
[lib_symbol_issues]: The current configuration does not include the symbol library 'Device'
    ; warning
    @(187.96 mm, 45.72 mm): Symbol R4 [R]
[lib_symbol_issues]: The current configuration does not include the symbol library 'Device'
    ; warning
    @(187.96 mm, 71.12 mm): Symbol C4 [C]
[lib_symbol_issues]: The current configuration does not include the symbol library 'Switch'
    ; warning
    @(187.96 mm, 93.98 mm): Symbol SW4 [SW_Push]

 ** ERC messages: 13  Errors 0  Warnings 13

 ** Ignored checks:
    - Global label only appears once in the schematic
    - Four connection points are joined together
    - SPICE model issue
    - Assigned footprint doesn't match footprint filters
