+logs/geometry-02.zsh:3> /Users/ankan/Applications/KiCad/KiCad.app/Contents/Frameworks/Python.framework/Versions/3.9/bin/python3.9 artifacts/attempt-02/verify_geometry.py
./src/common/stdpbase.cpp(59): assert ""traits"" failed in Get(): create wxApp before calling this
{
  "outline_dimensions_mm": [
    35.0,
    25.0
  ],
  "copper_layers": 2,
  "footprint_origins_mm": {
    "C1": [
      78.0,
      61.27
    ],
    "R1": [
      67.0,
      60.0
    ],
    "J1": [
      53.0,
      60.0
    ],
    "J2": [
      82.0,
      60.0
    ]
  },
  "j1_left_edge_mm": 3.0,
  "j2_right_edge_mm": 3.0,
  "c1_to_j2_origin_distance_mm": 4.196772569487178,
  "c1_to_j2_pad_midpoint_mm": 4.0,
  "minimum_track_width_mm": 0.25,
  "all_pads_inside_outline": {
    "C1": true,
    "R1": true,
    "J1": true,
    "J2": true
  },
  "schematic_nets": {
    "/GND": [
      [
        "C1",
        "2"
      ],
      [
        "J1",
        "2"
      ],
      [
        "J2",
        "2"
      ]
    ],
    "/SIGNAL_IN": [
      [
        "J1",
        "1"
      ],
      [
        "R1",
        "1"
      ]
    ],
    "/SIGNAL_OUT": [
      [
        "C1",
        "1"
      ],
      [
        "J2",
        "1"
      ],
      [
        "R1",
        "2"
      ]
    ]
  },
  "net_topology_matches": true
}
