./src/common/stdpbase.cpp(59): assert ""traits"" failed in Get(): create wxApp before calling this
{
  "passed": true,
  "outline_mm": [
    65,
    65
  ],
  "copper_layers": 2,
  "component_count": 19,
  "switch_placements": [
    {
      "switch": "SW11",
      "center_lower_left_mm": [
        12.0,
        12.0
      ],
      "diode_center_lower_left_mm": [
        11.999999,
        5.5
      ],
      "distance_mm": 6.500000000000076
    },
    {
      "switch": "SW12",
      "center_lower_left_mm": [
        32.0,
        12.0
      ],
      "diode_center_lower_left_mm": [
        32.0,
        5.5
      ],
      "distance_mm": 6.5
    },
    {
      "switch": "SW13",
      "center_lower_left_mm": [
        52.0,
        12.0
      ],
      "diode_center_lower_left_mm": [
        52.0,
        5.5
      ],
      "distance_mm": 6.5
    },
    {
      "switch": "SW21",
      "center_lower_left_mm": [
        12.0,
        32.0
      ],
      "diode_center_lower_left_mm": [
        11.999999,
        25.5
      ],
      "distance_mm": 6.500000000000076
    },
    {
      "switch": "SW22",
      "center_lower_left_mm": [
        32.0,
        32.0
      ],
      "diode_center_lower_left_mm": [
        32.0,
        25.5
      ],
      "distance_mm": 6.5
    },
    {
      "switch": "SW23",
      "center_lower_left_mm": [
        52.0,
        32.0
      ],
      "diode_center_lower_left_mm": [
        52.0,
        25.5
      ],
      "distance_mm": 6.5
    },
    {
      "switch": "SW31",
      "center_lower_left_mm": [
        12.0,
        52.0
      ],
      "diode_center_lower_left_mm": [
        11.999999,
        45.5
      ],
      "distance_mm": 6.500000000000076
    },
    {
      "switch": "SW32",
      "center_lower_left_mm": [
        32.0,
        52.0
      ],
      "diode_center_lower_left_mm": [
        32.0,
        45.5
      ],
      "distance_mm": 6.5
    },
    {
      "switch": "SW33",
      "center_lower_left_mm": [
        52.0,
        52.0
      ],
      "diode_center_lower_left_mm": [
        52.0,
        45.5
      ],
      "distance_mm": 6.5
    }
  ],
  "min_trace_width_mm": 0.3,
  "schematic_parity": "native DRC reports 0 issues",
  "pad_pin_net_mapping": "all 9 branches and J1 validated",
  "all_pad_copper_within_outline": true,
  "physical_testing": null
}
