ERC report (2026-09-05T23:26:07, Encoding UTF8)
Report includes: Errors, Warnings

***** Sheet /
[footprint_link_issues]: The current configuration does not include the footprint library 'Button_Switch_THT'
    ; warning
    @(40.64 mm, 40.64 mm): Symbol SW11 [SW_Push]
[lib_symbol_issues]: The current configuration does not include the symbol library 'Switch'
    ; warning
    @(40.64 mm, 40.64 mm): Symbol SW11 [SW_Push]
[footprint_link_issues]: The current configuration does not include the footprint library 'Button_Switch_THT'
    ; warning
    @(40.64 mm, 81.28 mm): Symbol SW21 [SW_Push]
[lib_symbol_issues]: The current configuration does not include the symbol library 'Switch'
    ; warning
    @(40.64 mm, 81.28 mm): Symbol SW21 [SW_Push]
[footprint_link_issues]: The current configuration does not include the footprint library 'Button_Switch_THT'
    ; warning
    @(40.64 mm, 121.92 mm): Symbol SW31 [SW_Push]
[lib_symbol_issues]: The current configuration does not include the symbol library 'Switch'
    ; warning
    @(40.64 mm, 121.92 mm): Symbol SW31 [SW_Push]
[footprint_link_issues]: The current configuration does not include the footprint library 'Connector_PinHeader_2.54mm'
    ; warning
    @(50.80 mm, 165.10 mm): Symbol J1 [Conn_01x06]
[lib_symbol_issues]: The current configuration does not include the symbol library 'Connector_Generic'
    ; warning
    @(50.80 mm, 165.10 mm): Symbol J1 [Conn_01x06]
[footprint_link_issues]: The current configuration does not include the footprint library 'Diode_THT'
    ; warning
    @(66.04 mm, 40.64 mm): Symbol D11 [D]
[lib_symbol_issues]: The current configuration does not include the symbol library 'Device'
    ; warning
    @(66.04 mm, 40.64 mm): Symbol D11 [D]
[footprint_link_issues]: The current configuration does not include the footprint library 'Diode_THT'
    ; warning
    @(66.04 mm, 81.28 mm): Symbol D21 [D]
[lib_symbol_issues]: The current configuration does not include the symbol library 'Device'
    ; warning
    @(66.04 mm, 81.28 mm): Symbol D21 [D]
[footprint_link_issues]: The current configuration does not include the footprint library 'Diode_THT'
    ; warning
    @(66.04 mm, 121.92 mm): Symbol D31 [D]
[lib_symbol_issues]: The current configuration does not include the symbol library 'Device'
    ; warning
    @(66.04 mm, 121.92 mm): Symbol D31 [D]
[footprint_link_issues]: The current configuration does not include the footprint library 'Button_Switch_THT'
    ; warning
    @(111.76 mm, 40.64 mm): Symbol SW12 [SW_Push]
[lib_symbol_issues]: The current configuration does not include the symbol library 'Switch'
    ; warning
    @(111.76 mm, 40.64 mm): Symbol SW12 [SW_Push]
[footprint_link_issues]: The current configuration does not include the footprint library 'Button_Switch_THT'
    ; warning
    @(111.76 mm, 81.28 mm): Symbol SW22 [SW_Push]
[lib_symbol_issues]: The current configuration does not include the symbol library 'Switch'
    ; warning
    @(111.76 mm, 81.28 mm): Symbol SW22 [SW_Push]
[footprint_link_issues]: The current configuration does not include the footprint library 'Button_Switch_THT'
    ; warning
    @(111.76 mm, 121.92 mm): Symbol SW32 [SW_Push]
[lib_symbol_issues]: The current configuration does not include the symbol library 'Switch'
    ; warning
    @(111.76 mm, 121.92 mm): Symbol SW32 [SW_Push]
[footprint_link_issues]: The current configuration does not include the footprint library 'Diode_THT'
    ; warning
    @(137.16 mm, 40.64 mm): Symbol D12 [D]
[lib_symbol_issues]: The current configuration does not include the symbol library 'Device'
    ; warning
    @(137.16 mm, 40.64 mm): Symbol D12 [D]
[footprint_link_issues]: The current configuration does not include the footprint library 'Diode_THT'
    ; warning
    @(137.16 mm, 81.28 mm): Symbol D22 [D]
[lib_symbol_issues]: The current configuration does not include the symbol library 'Device'
    ; warning
    @(137.16 mm, 81.28 mm): Symbol D22 [D]
[footprint_link_issues]: The current configuration does not include the footprint library 'Diode_THT'
    ; warning
    @(137.16 mm, 121.92 mm): Symbol D32 [D]
[lib_symbol_issues]: The current configuration does not include the symbol library 'Device'
    ; warning
    @(137.16 mm, 121.92 mm): Symbol D32 [D]
[footprint_link_issues]: The current configuration does not include the footprint library 'Button_Switch_THT'
    ; warning
    @(182.88 mm, 40.64 mm): Symbol SW13 [SW_Push]
[lib_symbol_issues]: The current configuration does not include the symbol library 'Switch'
    ; warning
    @(182.88 mm, 40.64 mm): Symbol SW13 [SW_Push]
[footprint_link_issues]: The current configuration does not include the footprint library 'Button_Switch_THT'
    ; warning
    @(182.88 mm, 81.28 mm): Symbol SW23 [SW_Push]
[lib_symbol_issues]: The current configuration does not include the symbol library 'Switch'
    ; warning
    @(182.88 mm, 81.28 mm): Symbol SW23 [SW_Push]
[footprint_link_issues]: The current configuration does not include the footprint library 'Button_Switch_THT'
    ; warning
    @(182.88 mm, 121.92 mm): Symbol SW33 [SW_Push]
[lib_symbol_issues]: The current configuration does not include the symbol library 'Switch'
    ; warning
    @(182.88 mm, 121.92 mm): Symbol SW33 [SW_Push]
[footprint_link_issues]: The current configuration does not include the footprint library 'Diode_THT'
    ; warning
    @(208.28 mm, 40.64 mm): Symbol D13 [D]
[lib_symbol_issues]: The current configuration does not include the symbol library 'Device'
    ; warning
    @(208.28 mm, 40.64 mm): Symbol D13 [D]
[footprint_link_issues]: The current configuration does not include the footprint library 'Diode_THT'
    ; warning
    @(208.28 mm, 81.28 mm): Symbol D23 [D]
[lib_symbol_issues]: The current configuration does not include the symbol library 'Device'
    ; warning
    @(208.28 mm, 81.28 mm): Symbol D23 [D]
[footprint_link_issues]: The current configuration does not include the footprint library 'Diode_THT'
    ; warning
    @(208.28 mm, 121.92 mm): Symbol D33 [D]
[lib_symbol_issues]: The current configuration does not include the symbol library 'Device'
    ; warning
    @(208.28 mm, 121.92 mm): Symbol D33 [D]

 ** ERC messages: 38  Errors 0  Warnings 38

 ** Ignored checks:
    - Global label only appears once in the schematic
    - Four connection points are joined together
    - SPICE model issue
    - Assigned footprint doesn't match footprint filters
