ERC report (2026-09-05T23:25:21, Encoding UTF8)
Report includes: Errors, Warnings

***** Sheet /
[endpoint_off_grid]: Symbol pin or wire end off connection grid
    ; warning
    @(34.92 mm, 40.00 mm): Horizontal Wire, length 7.62 mm
[endpoint_off_grid]: Symbol pin or wire end off connection grid
    ; warning
    @(34.92 mm, 40.00 mm): Symbol SW11 Pin 1 [1, Passive, Line]
[endpoint_off_grid]: Symbol pin or wire end off connection grid
    ; warning
    @(34.92 mm, 80.00 mm): Horizontal Wire, length 7.62 mm
[endpoint_off_grid]: Symbol pin or wire end off connection grid
    ; warning
    @(34.92 mm, 80.00 mm): Symbol SW21 Pin 1 [1, Passive, Line]
[endpoint_off_grid]: Symbol pin or wire end off connection grid
    ; warning
    @(34.92 mm, 120.00 mm): Symbol SW31 Pin 1 [1, Passive, Line]
[endpoint_off_grid]: Symbol pin or wire end off connection grid
    ; warning
    @(34.92 mm, 120.00 mm): Horizontal Wire, length 7.62 mm
[footprint_link_issues]: The current configuration does not include the footprint library 'Button_Switch_THT'
    ; warning
    @(40.00 mm, 40.00 mm): Symbol SW11 [SW_Push]
[lib_symbol_issues]: The current configuration does not include the symbol library 'Switch'
    ; warning
    @(40.00 mm, 40.00 mm): Symbol SW11 [SW_Push]
[footprint_link_issues]: The current configuration does not include the footprint library 'Button_Switch_THT'
    ; warning
    @(40.00 mm, 80.00 mm): Symbol SW21 [SW_Push]
[lib_symbol_issues]: The current configuration does not include the symbol library 'Switch'
    ; warning
    @(40.00 mm, 80.00 mm): Symbol SW21 [SW_Push]
[footprint_link_issues]: The current configuration does not include the footprint library 'Button_Switch_THT'
    ; warning
    @(40.00 mm, 120.00 mm): Symbol SW31 [SW_Push]
[lib_symbol_issues]: The current configuration does not include the symbol library 'Switch'
    ; warning
    @(40.00 mm, 120.00 mm): Symbol SW31 [SW_Push]
[endpoint_off_grid]: Symbol pin or wire end off connection grid
    ; warning
    @(44.92 mm, 159.92 mm): Symbol J1 Pin 1 [Pin_1, Passive, Line]
[endpoint_off_grid]: Symbol pin or wire end off connection grid
    ; warning
    @(44.92 mm, 159.92 mm): Horizontal Wire, length 14.92 mm
[endpoint_off_grid]: Symbol pin or wire end off connection grid
    ; warning
    @(44.92 mm, 162.46 mm): Horizontal Wire, length 14.92 mm
[endpoint_off_grid]: Symbol pin or wire end off connection grid
    ; warning
    @(44.92 mm, 165.00 mm): Horizontal Wire, length 14.92 mm
[endpoint_off_grid]: Symbol pin or wire end off connection grid
    ; warning
    @(44.92 mm, 167.54 mm): Horizontal Wire, length 14.92 mm
[endpoint_off_grid]: Symbol pin or wire end off connection grid
    ; warning
    @(44.92 mm, 170.08 mm): Horizontal Wire, length 14.92 mm
[endpoint_off_grid]: Symbol pin or wire end off connection grid
    ; warning
    @(44.92 mm, 172.62 mm): Horizontal Wire, length 14.92 mm
[endpoint_off_grid]: Symbol pin or wire end off connection grid
    ; warning
    @(45.08 mm, 40.00 mm): Horizontal Wire, length 2.54 mm
[endpoint_off_grid]: Symbol pin or wire end off connection grid
    ; warning
    @(45.08 mm, 80.00 mm): Horizontal Wire, length 2.54 mm
[endpoint_off_grid]: Symbol pin or wire end off connection grid
    ; warning
    @(45.08 mm, 120.00 mm): Horizontal Wire, length 2.54 mm
[endpoint_off_grid]: Symbol pin or wire end off connection grid
    ; warning
    @(47.62 mm, 40.00 mm): Vertical Wire, length 10.16 mm
[endpoint_off_grid]: Symbol pin or wire end off connection grid
    ; warning
    @(47.62 mm, 50.16 mm): Horizontal Wire, length 25.40 mm
[endpoint_off_grid]: Symbol pin or wire end off connection grid
    ; warning
    @(47.62 mm, 80.00 mm): Vertical Wire, length 10.16 mm
[endpoint_off_grid]: Symbol pin or wire end off connection grid
    ; warning
    @(47.62 mm, 90.16 mm): Horizontal Wire, length 25.40 mm
[endpoint_off_grid]: Symbol pin or wire end off connection grid
    ; warning
    @(47.62 mm, 120.00 mm): Vertical Wire, length 10.16 mm
[endpoint_off_grid]: Symbol pin or wire end off connection grid
    ; warning
    @(47.62 mm, 130.16 mm): Horizontal Wire, length 25.40 mm
[footprint_link_issues]: The current configuration does not include the footprint library 'Connector_PinHeader_2.54mm'
    ; warning
    @(50.00 mm, 165.00 mm): Symbol J1 [Conn_01x06]
[lib_symbol_issues]: The current configuration does not include the symbol library 'Connector_Generic'
    ; warning
    @(50.00 mm, 165.00 mm): Symbol J1 [Conn_01x06]
[endpoint_off_grid]: Symbol pin or wire end off connection grid
    ; warning
    @(61.59 mm, 40.00 mm): Horizontal Wire, length 3.81 mm
[endpoint_off_grid]: Symbol pin or wire end off connection grid
    ; warning
    @(61.59 mm, 40.00 mm): Symbol D11 Pin 1 [K, Passive, Line]
[endpoint_off_grid]: Symbol pin or wire end off connection grid
    ; warning
    @(61.59 mm, 80.00 mm): Horizontal Wire, length 3.81 mm
[endpoint_off_grid]: Symbol pin or wire end off connection grid
    ; warning
    @(61.59 mm, 80.00 mm): Symbol D21 Pin 1 [K, Passive, Line]
[endpoint_off_grid]: Symbol pin or wire end off connection grid
    ; warning
    @(61.59 mm, 120.00 mm): Symbol D31 Pin 1 [K, Passive, Line]
[endpoint_off_grid]: Symbol pin or wire end off connection grid
    ; warning
    @(61.59 mm, 120.00 mm): Horizontal Wire, length 3.81 mm
[footprint_link_issues]: The current configuration does not include the footprint library 'Diode_THT'
    ; warning
    @(65.40 mm, 40.00 mm): Symbol D11 [D]
[lib_symbol_issues]: The current configuration does not include the symbol library 'Device'
    ; warning
    @(65.40 mm, 40.00 mm): Symbol D11 [D]
[footprint_link_issues]: The current configuration does not include the footprint library 'Diode_THT'
    ; warning
    @(65.40 mm, 80.00 mm): Symbol D21 [D]
[lib_symbol_issues]: The current configuration does not include the symbol library 'Device'
    ; warning
    @(65.40 mm, 80.00 mm): Symbol D21 [D]
[footprint_link_issues]: The current configuration does not include the footprint library 'Diode_THT'
    ; warning
    @(65.40 mm, 120.00 mm): Symbol D31 [D]
[lib_symbol_issues]: The current configuration does not include the symbol library 'Device'
    ; warning
    @(65.40 mm, 120.00 mm): Symbol D31 [D]
[endpoint_off_grid]: Symbol pin or wire end off connection grid
    ; warning
    @(73.02 mm, 40.00 mm): Horizontal Wire, length 3.81 mm
[endpoint_off_grid]: Symbol pin or wire end off connection grid
    ; warning
    @(73.02 mm, 50.16 mm): Vertical Wire, length 10.16 mm
[endpoint_off_grid]: Symbol pin or wire end off connection grid
    ; warning
    @(73.02 mm, 80.00 mm): Horizontal Wire, length 3.81 mm
[endpoint_off_grid]: Symbol pin or wire end off connection grid
    ; warning
    @(73.02 mm, 90.16 mm): Vertical Wire, length 10.16 mm
[endpoint_off_grid]: Symbol pin or wire end off connection grid
    ; warning
    @(73.02 mm, 120.00 mm): Horizontal Wire, length 3.81 mm
[endpoint_off_grid]: Symbol pin or wire end off connection grid
    ; warning
    @(73.02 mm, 130.16 mm): Vertical Wire, length 10.16 mm
[endpoint_off_grid]: Symbol pin or wire end off connection grid
    ; warning
    @(104.92 mm, 40.00 mm): Symbol SW12 Pin 1 [1, Passive, Line]
[endpoint_off_grid]: Symbol pin or wire end off connection grid
    ; warning
    @(104.92 mm, 40.00 mm): Horizontal Wire, length 7.62 mm
[endpoint_off_grid]: Symbol pin or wire end off connection grid
    ; warning
    @(104.92 mm, 80.00 mm): Symbol SW22 Pin 1 [1, Passive, Line]
[endpoint_off_grid]: Symbol pin or wire end off connection grid
    ; warning
    @(104.92 mm, 80.00 mm): Horizontal Wire, length 7.62 mm
[endpoint_off_grid]: Symbol pin or wire end off connection grid
    ; warning
    @(104.92 mm, 120.00 mm): Horizontal Wire, length 7.62 mm
[endpoint_off_grid]: Symbol pin or wire end off connection grid
    ; warning
    @(104.92 mm, 120.00 mm): Symbol SW32 Pin 1 [1, Passive, Line]
[footprint_link_issues]: The current configuration does not include the footprint library 'Button_Switch_THT'
    ; warning
    @(110.00 mm, 40.00 mm): Symbol SW12 [SW_Push]
[lib_symbol_issues]: The current configuration does not include the symbol library 'Switch'
    ; warning
    @(110.00 mm, 40.00 mm): Symbol SW12 [SW_Push]
[footprint_link_issues]: The current configuration does not include the footprint library 'Button_Switch_THT'
    ; warning
    @(110.00 mm, 80.00 mm): Symbol SW22 [SW_Push]
[lib_symbol_issues]: The current configuration does not include the symbol library 'Switch'
    ; warning
    @(110.00 mm, 80.00 mm): Symbol SW22 [SW_Push]
[footprint_link_issues]: The current configuration does not include the footprint library 'Button_Switch_THT'
    ; warning
    @(110.00 mm, 120.00 mm): Symbol SW32 [SW_Push]
[lib_symbol_issues]: The current configuration does not include the symbol library 'Switch'
    ; warning
    @(110.00 mm, 120.00 mm): Symbol SW32 [SW_Push]
[endpoint_off_grid]: Symbol pin or wire end off connection grid
    ; warning
    @(115.08 mm, 40.00 mm): Horizontal Wire, length 2.54 mm
[endpoint_off_grid]: Symbol pin or wire end off connection grid
    ; warning
    @(115.08 mm, 80.00 mm): Horizontal Wire, length 2.54 mm
[endpoint_off_grid]: Symbol pin or wire end off connection grid
    ; warning
    @(115.08 mm, 120.00 mm): Horizontal Wire, length 2.54 mm
[endpoint_off_grid]: Symbol pin or wire end off connection grid
    ; warning
    @(117.62 mm, 40.00 mm): Vertical Wire, length 10.16 mm
[endpoint_off_grid]: Symbol pin or wire end off connection grid
    ; warning
    @(117.62 mm, 50.16 mm): Horizontal Wire, length 25.40 mm
[endpoint_off_grid]: Symbol pin or wire end off connection grid
    ; warning
    @(117.62 mm, 80.00 mm): Vertical Wire, length 10.16 mm
[endpoint_off_grid]: Symbol pin or wire end off connection grid
    ; warning
    @(117.62 mm, 90.16 mm): Horizontal Wire, length 25.40 mm
[endpoint_off_grid]: Symbol pin or wire end off connection grid
    ; warning
    @(117.62 mm, 120.00 mm): Vertical Wire, length 10.16 mm
[endpoint_off_grid]: Symbol pin or wire end off connection grid
    ; warning
    @(117.62 mm, 130.16 mm): Horizontal Wire, length 25.40 mm
[endpoint_off_grid]: Symbol pin or wire end off connection grid
    ; warning
    @(131.59 mm, 40.00 mm): Symbol D12 Pin 1 [K, Passive, Line]
[endpoint_off_grid]: Symbol pin or wire end off connection grid
    ; warning
    @(131.59 mm, 40.00 mm): Horizontal Wire, length 3.81 mm
[endpoint_off_grid]: Symbol pin or wire end off connection grid
    ; warning
    @(131.59 mm, 80.00 mm): Horizontal Wire, length 3.81 mm
[endpoint_off_grid]: Symbol pin or wire end off connection grid
    ; warning
    @(131.59 mm, 80.00 mm): Symbol D22 Pin 1 [K, Passive, Line]
[endpoint_off_grid]: Symbol pin or wire end off connection grid
    ; warning
    @(131.59 mm, 120.00 mm): Horizontal Wire, length 3.81 mm
[endpoint_off_grid]: Symbol pin or wire end off connection grid
    ; warning
    @(131.59 mm, 120.00 mm): Symbol D32 Pin 1 [K, Passive, Line]
[footprint_link_issues]: The current configuration does not include the footprint library 'Diode_THT'
    ; warning
    @(135.40 mm, 40.00 mm): Symbol D12 [D]
[lib_symbol_issues]: The current configuration does not include the symbol library 'Device'
    ; warning
    @(135.40 mm, 40.00 mm): Symbol D12 [D]
[footprint_link_issues]: The current configuration does not include the footprint library 'Diode_THT'
    ; warning
    @(135.40 mm, 80.00 mm): Symbol D22 [D]
[lib_symbol_issues]: The current configuration does not include the symbol library 'Device'
    ; warning
    @(135.40 mm, 80.00 mm): Symbol D22 [D]
[footprint_link_issues]: The current configuration does not include the footprint library 'Diode_THT'
    ; warning
    @(135.40 mm, 120.00 mm): Symbol D32 [D]
[lib_symbol_issues]: The current configuration does not include the symbol library 'Device'
    ; warning
    @(135.40 mm, 120.00 mm): Symbol D32 [D]
[endpoint_off_grid]: Symbol pin or wire end off connection grid
    ; warning
    @(143.02 mm, 40.00 mm): Horizontal Wire, length 3.81 mm
[endpoint_off_grid]: Symbol pin or wire end off connection grid
    ; warning
    @(143.02 mm, 50.16 mm): Vertical Wire, length 10.16 mm
[endpoint_off_grid]: Symbol pin or wire end off connection grid
    ; warning
    @(143.02 mm, 80.00 mm): Horizontal Wire, length 3.81 mm
[endpoint_off_grid]: Symbol pin or wire end off connection grid
    ; warning
    @(143.02 mm, 90.16 mm): Vertical Wire, length 10.16 mm
[endpoint_off_grid]: Symbol pin or wire end off connection grid
    ; warning
    @(143.02 mm, 120.00 mm): Horizontal Wire, length 3.81 mm
[endpoint_off_grid]: Symbol pin or wire end off connection grid
    ; warning
    @(143.02 mm, 130.16 mm): Vertical Wire, length 10.16 mm
[endpoint_off_grid]: Symbol pin or wire end off connection grid
    ; warning
    @(174.92 mm, 40.00 mm): Symbol SW13 Pin 1 [1, Passive, Line]
[endpoint_off_grid]: Symbol pin or wire end off connection grid
    ; warning
    @(174.92 mm, 40.00 mm): Horizontal Wire, length 7.62 mm
[endpoint_off_grid]: Symbol pin or wire end off connection grid
    ; warning
    @(174.92 mm, 80.00 mm): Horizontal Wire, length 7.62 mm
[endpoint_off_grid]: Symbol pin or wire end off connection grid
    ; warning
    @(174.92 mm, 80.00 mm): Symbol SW23 Pin 1 [1, Passive, Line]
[endpoint_off_grid]: Symbol pin or wire end off connection grid
    ; warning
    @(174.92 mm, 120.00 mm): Symbol SW33 Pin 1 [1, Passive, Line]
[endpoint_off_grid]: Symbol pin or wire end off connection grid
    ; warning
    @(174.92 mm, 120.00 mm): Horizontal Wire, length 7.62 mm
[footprint_link_issues]: The current configuration does not include the footprint library 'Button_Switch_THT'
    ; warning
    @(180.00 mm, 40.00 mm): Symbol SW13 [SW_Push]
[lib_symbol_issues]: The current configuration does not include the symbol library 'Switch'
    ; warning
    @(180.00 mm, 40.00 mm): Symbol SW13 [SW_Push]
[footprint_link_issues]: The current configuration does not include the footprint library 'Button_Switch_THT'
    ; warning
    @(180.00 mm, 80.00 mm): Symbol SW23 [SW_Push]
[lib_symbol_issues]: The current configuration does not include the symbol library 'Switch'
    ; warning
    @(180.00 mm, 80.00 mm): Symbol SW23 [SW_Push]
[footprint_link_issues]: The current configuration does not include the footprint library 'Button_Switch_THT'
    ; warning
    @(180.00 mm, 120.00 mm): Symbol SW33 [SW_Push]
[lib_symbol_issues]: The current configuration does not include the symbol library 'Switch'
    ; warning
    @(180.00 mm, 120.00 mm): Symbol SW33 [SW_Push]
[endpoint_off_grid]: Symbol pin or wire end off connection grid
    ; warning
    @(185.08 mm, 40.00 mm): Horizontal Wire, length 2.54 mm
[endpoint_off_grid]: Symbol pin or wire end off connection grid
    ; warning
    @(185.08 mm, 80.00 mm): Horizontal Wire, length 2.54 mm
[endpoint_off_grid]: Symbol pin or wire end off connection grid
    ; warning
    @(185.08 mm, 120.00 mm): Horizontal Wire, length 2.54 mm
[endpoint_off_grid]: Symbol pin or wire end off connection grid
    ; warning
    @(187.62 mm, 40.00 mm): Vertical Wire, length 10.16 mm
[endpoint_off_grid]: Symbol pin or wire end off connection grid
    ; warning
    @(187.62 mm, 50.16 mm): Horizontal Wire, length 25.40 mm
[endpoint_off_grid]: Symbol pin or wire end off connection grid
    ; warning
    @(187.62 mm, 80.00 mm): Vertical Wire, length 10.16 mm
[endpoint_off_grid]: Symbol pin or wire end off connection grid
    ; warning
    @(187.62 mm, 90.16 mm): Horizontal Wire, length 25.40 mm
[endpoint_off_grid]: Symbol pin or wire end off connection grid
    ; warning
    @(187.62 mm, 120.00 mm): Vertical Wire, length 10.16 mm
[endpoint_off_grid]: Symbol pin or wire end off connection grid
    ; warning
    @(187.62 mm, 130.16 mm): Horizontal Wire, length 25.40 mm
[endpoint_off_grid]: Symbol pin or wire end off connection grid
    ; warning
    @(201.59 mm, 40.00 mm): Symbol D13 Pin 1 [K, Passive, Line]
[endpoint_off_grid]: Symbol pin or wire end off connection grid
    ; warning
    @(201.59 mm, 40.00 mm): Horizontal Wire, length 3.81 mm
[endpoint_off_grid]: Symbol pin or wire end off connection grid
    ; warning
    @(201.59 mm, 80.00 mm): Horizontal Wire, length 3.81 mm
[endpoint_off_grid]: Symbol pin or wire end off connection grid
    ; warning
    @(201.59 mm, 80.00 mm): Symbol D23 Pin 1 [K, Passive, Line]
[endpoint_off_grid]: Symbol pin or wire end off connection grid
    ; warning
    @(201.59 mm, 120.00 mm): Horizontal Wire, length 3.81 mm
[endpoint_off_grid]: Symbol pin or wire end off connection grid
    ; warning
    @(201.59 mm, 120.00 mm): Symbol D33 Pin 1 [K, Passive, Line]
[footprint_link_issues]: The current configuration does not include the footprint library 'Diode_THT'
    ; warning
    @(205.40 mm, 40.00 mm): Symbol D13 [D]
[lib_symbol_issues]: The current configuration does not include the symbol library 'Device'
    ; warning
    @(205.40 mm, 40.00 mm): Symbol D13 [D]
[footprint_link_issues]: The current configuration does not include the footprint library 'Diode_THT'
    ; warning
    @(205.40 mm, 80.00 mm): Symbol D23 [D]
[lib_symbol_issues]: The current configuration does not include the symbol library 'Device'
    ; warning
    @(205.40 mm, 80.00 mm): Symbol D23 [D]
[footprint_link_issues]: The current configuration does not include the footprint library 'Diode_THT'
    ; warning
    @(205.40 mm, 120.00 mm): Symbol D33 [D]
[lib_symbol_issues]: The current configuration does not include the symbol library 'Device'
    ; warning
    @(205.40 mm, 120.00 mm): Symbol D33 [D]
[endpoint_off_grid]: Symbol pin or wire end off connection grid
    ; warning
    @(213.02 mm, 40.00 mm): Horizontal Wire, length 3.81 mm
[endpoint_off_grid]: Symbol pin or wire end off connection grid
    ; warning
    @(213.02 mm, 50.16 mm): Vertical Wire, length 10.16 mm
[endpoint_off_grid]: Symbol pin or wire end off connection grid
    ; warning
    @(213.02 mm, 80.00 mm): Horizontal Wire, length 3.81 mm
[endpoint_off_grid]: Symbol pin or wire end off connection grid
    ; warning
    @(213.02 mm, 90.16 mm): Vertical Wire, length 10.16 mm
[endpoint_off_grid]: Symbol pin or wire end off connection grid
    ; warning
    @(213.02 mm, 120.00 mm): Horizontal Wire, length 3.81 mm
[endpoint_off_grid]: Symbol pin or wire end off connection grid
    ; warning
    @(213.02 mm, 130.16 mm): Vertical Wire, length 10.16 mm

 ** ERC messages: 126  Errors 0  Warnings 126

 ** Ignored checks:
    - Global label only appears once in the schematic
    - Four connection points are joined together
    - SPICE model issue
    - Assigned footprint doesn't match footprint filters
