** Drc report for driver.kicad_pcb **
** Created on 2026-09-05T23:13:24 **
** Report includes: Errors, Warnings **

** Found 11 DRC violations **
[clearance]: Clearance violation ( clearance 0.2500 mm; actual 0.1500 mm)
    Local override; error
    @(66.8750 mm, 71.7500 mm): Track [GND] on F.Cu, length 1.2500 mm
    @(66.0875 mm, 73.0000 mm): Pad 1 [BASE1] of R3 on F.Cu
[clearance]: Clearance violation ( clearance 0.2500 mm; actual 0.1500 mm)
    Local override; error
    @(81.8750 mm, 73.0000 mm): Track [GND] on F.Cu, length 1.0000 mm
    @(81.0875 mm, 73.0000 mm): Pad 1 [BASE2] of R6 on F.Cu
[clearance]: Clearance violation ( clearance 0.2500 mm; actual 0.1500 mm)
    Local override; error
    @(81.8750 mm, 71.7500 mm): Track [GND] on F.Cu, length 1.2500 mm
    @(81.0875 mm, 73.0000 mm): Pad 1 [BASE2] of R6 on F.Cu
[clearance]: Clearance violation ( clearance 0.2500 mm; actual 0.1500 mm)
    Local override; error
    @(66.0875 mm, 73.0000 mm): Pad 1 [BASE1] of R3 on F.Cu
    @(66.8750 mm, 73.0000 mm): Track [GND] on F.Cu, length 1.0000 mm
[hole_to_hole]: Drilled hole too close to other hole (board setup constraints min 0.2500 mm; actual 0.0600 mm)
    Rule: board setup constraints; warning
    @(54.0000 mm, 60.5400 mm): PTH pad 2 [GND] of J1
    @(54.0000 mm, 61.2500 mm): Via [GND] on F.Cu - B.Cu
[hole_to_hole]: Drilled hole too close to other hole (board setup constraints min 0.2500 mm; actual 0.0600 mm)
    Rule: board setup constraints; warning
    @(54.0000 mm, 60.5400 mm): PTH pad 2 [GND] of J1
    @(54.0000 mm, 61.2500 mm): Via [GND] on F.Cu - B.Cu
[text_height]: Text height out of range (board setup constraints silk text height min height 0.8000 mm; actual 0.7000 mm)
    Rule: board setup constraints silk text height; warning
    @(51.6000 mm, 60.5400 mm): PCB text 'GND' on F.Silkscreen
[text_height]: Text height out of range (board setup constraints silk text height min height 0.8000 mm; actual 0.7000 mm)
    Rule: board setup constraints silk text height; warning
    @(57.5000 mm, 63.0800 mm): PCB text 'CTRL1' on F.Silkscreen
[text_height]: Text height out of range (board setup constraints silk text height min height 0.8000 mm; actual 0.7000 mm)
    Rule: board setup constraints silk text height; warning
    @(57.5000 mm, 66.5000 mm): PCB text 'CTRL2' on F.Silkscreen
[text_height]: Text height out of range (board setup constraints silk text height min height 0.8000 mm; actual 0.7500 mm)
    Rule: board setup constraints silk text height; warning
    @(57.5000 mm, 55.5000 mm): PCB text '1 +5V' on F.Silkscreen
[silk_overlap]: Silkscreen clearance
    Rule: board setup constraints silk; warning
    @(52.6200 mm, 59.2700 mm): Segment of J1 on F.Silkscreen
    @(51.6000 mm, 60.5400 mm): PCB text 'GND' on F.Silkscreen

** Found 0 unconnected pads **

** Found 0 Footprint errors **

** Ignored checks **
    - Footprint has no courtyard defined
    - Track endpoint not centered on via
    - Tuning profile track geometries
    - Footprint doesn't match symbol's footprint filters
    - Footprint component type doesn't match footprint pads

** End of Report **
